// Jest Snapshot v1, https://goo.gl/fbAQLP

exports[`App should render perfectly 1`] = `
<div
  className="row"
>
  <div
    className="col col-md-6"
  >
    <div
      className="jumbotron jumbotron-fluid"
      style={
        Object {
          "height": "100%",
        }
      }
    >
      <div
        className="container text-center"
      >
        <h1
          className="display-1"
        >
          USD
        </h1>
        <div
          className="row"
        >
          <div
            className="col-6"
          >
            <div
              className="input-group mb-3"
            >
              <div
                className="input-group-prepend"
              >
                <span
                  className="input-group-text"
                >
                  USD
                </span>
              </div>
              <input
                className="form-control"
                onChange={[Function]}
                type="number"
                value={1}
              />
              <div
                className="input-group-append"
              >
                <span
                  className="input-group-text"
                >
                  .00
                </span>
              </div>
            </div>
          </div>
          <div
            className="col-6"
          >
            <div
              className="form-group"
            >
              <button
                className="btn btn-primary form-control"
                onClick={[Function]}
              >
                Check Rates Comparison
              </button>
            </div>
          </div>
        </div>
      </div>
    </div>
  </div>
  <div
    className="col col-md-4"
  >
    <div
      className="centered"
    >
      <div
        className="btn-group dropleft"
        style={
          Object {
            "left": "-50px",
            "position": "absolute",
          }
        }
      >
        <button
          className="btn btn-dark dropdown-toggle"
          data-toggle="dropdown"
          disabled={true}
          onClick={[Function]}
          style={
            Object {
              "margin": "2px",
              "paddingBottom": "8px",
              "paddingTop": "8px",
            }
          }
        >
          <i
            className="material-icons"
          >
            playlist_add
          </i>
        </button>
        <div
          className="dropdown-menu "
        >
          <div
            className="px-4 py-3"
          >
            <select
              className="form-control"
              name="add"
            />
            <div
              className="form-group"
            />
            <button
              className="btn btn-primary btn-sm"
              onClick={[Function]}
            >
              <i
                className="material-icons"
              >
                add
              </i>
               Add Collection
            </button>
          </div>
        </div>
      </div>
      <Table />
    </div>
  </div>
</div>
`;
